\BOOKMARK [1][-]{section.1}{\376\377\000I\000n\000t\000r\000o\000d\000u\000\347\000\343\000o\000\040\000a\000o\000\040\000P\000r\000o\000b\000l\000e\000m\000a}{}% 1
\BOOKMARK [1][-]{section.2}{\376\377\000D\000e\000s\000c\000r\000i\000\347\000\343\000o\000\040\000F\000o\000r\000m\000a\000l\000\040\000d\000o\000\040\000M\000u\000n\000d\000o\000\040\000d\000o\000s\000\040\000B\000l\000o\000c\000o\000s\000\040\000d\000e\000\040\000T\000a\000m\000a\000n\000h\000o\000\040\000V\000a\000r\000i\000a\000d\000o}{}% 2
\BOOKMARK [2][-]{subsection.2.1}{\376\377\000D\000o\000m\000\355\000n\000i\000o}{section.2}% 3
\BOOKMARK [2][-]{subsection.2.2}{\376\377\000P\000r\000e\000d\000i\000c\000a\000d\000o\000s\000\040\000e\000\040\000a\000x\000i\000o\000m\000a\000s}{section.2}% 4
\BOOKMARK [2][-]{subsection.2.3}{\376\377\000A\000\040\000a\000\347\000\343\000o\000\040\000m\000o\000v\000e\000\050\000b\000,\000y\000,\000p\000\051}{section.2}% 5
\BOOKMARK [2][-]{subsection.2.4}{\376\377\000E\000l\000e\000m\000e\000n\000t\000o\000s\000\040\000n\000o\000v\000o\000s\000\040\000e\000\040\000a\000s\000\040\000a\000\347\000\365\000e\000s\000\040\000a\000s\000s\000o\000c\000i\000a\000d\000a\000s}{section.2}% 6
\BOOKMARK [2][-]{subsection.2.5}{\376\377\000A\000j\000u\000s\000t\000e\000s\000\040\000e\000m\000\040\000r\000e\000l\000a\000\347\000\343\000o\000\040\000a\000o\000\040\000m\000a\000n\000u\000a\000l}{section.2}% 7
\BOOKMARK [2][-]{subsection.2.6}{\376\377\000E\000x\000e\000c\000u\000\347\000\343\000o\000\040\000m\000a\000n\000u\000a\000l}{section.2}% 8
\BOOKMARK [3][-]{subsubsection.2.6.1}{\376\377\000S\000i\000t\000u\000a\000\347\000\343\000o\000\040\0001}{subsection.2.6}% 9
\BOOKMARK [3][-]{subsubsection.2.6.2}{\376\377\000S\000i\000t\000u\000a\000\347\000\343\000o\000\040\0002}{subsection.2.6}% 10
\BOOKMARK [3][-]{subsubsection.2.6.3}{\376\377\000S\000i\000t\000u\000a\000\347\000\343\000o\000\040\0003}{subsection.2.6}% 11
\BOOKMARK [2][-]{subsection.2.7}{\376\377\000O\000r\000d\000e\000m\000\040\000p\000a\000r\000c\000i\000a\000l}{section.2}% 12
\BOOKMARK [3][-]{subsubsection.2.7.1}{\376\377\000S\000i\000t\000u\000a\000\347\000\343\000o\000\040\0001}{subsection.2.7}% 13
\BOOKMARK [3][-]{subsubsection.2.7.2}{\376\377\000S\000i\000t\000u\000a\000\347\000\343\000o\000\040\0002}{subsection.2.7}% 14
\BOOKMARK [3][-]{subsubsection.2.7.3}{\376\377\000S\000i\000t\000u\000a\000\347\000\343\000o\000\040\0003}{subsection.2.7}% 15
\BOOKMARK [3][-]{subsubsection.2.7.4}{\376\377\000O\000r\000d\000e\000m\000\040\000p\000a\000r\000c\000i\000a\000l\000\040\000n\000o\000\040\000S\000A\000T}{subsection.2.7}% 16
\BOOKMARK [1][-]{section.3}{\376\377\000C\000o\000d\000i\000f\000i\000c\000a\000\347\000\343\000o\000\040\000C\000N\000F}{}% 17
\BOOKMARK [2][-]{subsection.3.1}{\376\377\000V\000a\000r\000i\000\341\000v\000e\000i\000s\000\040\000p\000r\000o\000p\000o\000s\000i\000c\000i\000o\000n\000a\000i\000s}{section.3}% 18
\BOOKMARK [2][-]{subsection.3.2}{\376\377\000G\000r\000u\000p\000o\000s\000\040\000d\000e\000\040\000c\000l\000\341\000u\000s\000u\000l\000a\000s}{section.3}% 19
\BOOKMARK [2][-]{subsection.3.3}{\376\377\000R\000e\000l\000a\000\347\000\343\000o\000\040\000o\000n\000:\000\040\000d\000e\000r\000i\000v\000a\000d\000a\000,\000\040\000n\000\343\000o\000\040\000c\000o\000d\000i\000f\000i\000c\000a\000d\000a}{section.3}% 20
\BOOKMARK [1][-]{section.4}{\376\377\000E\000x\000e\000m\000p\000l\000o\000s\000\040\000d\000o\000s\000\040\0003\000\040\000c\000e\000n\000\341\000r\000i\000o\000s\000\040\000c\000o\000d\000i\000f\000i\000c\000a\000d\000o\000s\000\040\000p\000a\000r\000a\000\040\000C\000N\000F\000\040\000e\000m\000\040\000L\000P}{}% 21
\BOOKMARK [2][-]{subsection.4.1}{\376\377\000S\000i\000t\000u\000a\000\347\000\343\000o\000\040\0001}{section.4}% 22
\BOOKMARK [2][-]{subsection.4.2}{\376\377\000S\000i\000t\000u\000a\000\347\000\343\000o\000\040\0002}{section.4}% 23
\BOOKMARK [2][-]{subsection.4.3}{\376\377\000S\000i\000t\000u\000a\000\347\000\343\000o\000\040\0003}{section.4}% 24
\BOOKMARK [1][-]{section.5}{\376\377\000M\000a\000p\000e\000a\000m\000e\000n\000t\000o\000:\000\040\000D\000e\000s\000c\000r\000i\000\347\000\343\000o\000\040\000F\000o\000r\000m\000a\000l\000\040\000-\000>\000\040\000C\000\363\000d\000i\000g\000o}{}% 25
\BOOKMARK [1][-]{section.6}{\376\377\000E\000x\000e\000c\000u\000\347\000\343\000o\000\040\000P\000a\000s\000s\000o\000\040\000a\000\040\000P\000a\000s\000s\000o}{}% 26
\BOOKMARK [1][-]{section.7}{\376\377\000I\000n\000t\000e\000r\000p\000r\000e\000t\000a\000\347\000\343\000o\000\040\000d\000a\000\040\000S\000a\000\355\000d\000a\000\040\000d\000o\000\040\000S\000A\000T\000\040\000S\000o\000l\000v\000e\000r}{}% 27
\BOOKMARK [2][-]{subsection.7.1}{\376\377\000D\000e\000\040\000i\000n\000t\000e\000i\000r\000o\000s\000\040\000p\000a\000r\000a\000\040\000o\000\040\000p\000l\000a\000n\000o}{section.7}% 28
\BOOKMARK [2][-]{subsection.7.2}{\376\377\000C\000o\000m\000p\000a\000r\000a\000\347\000\343\000o\000:\000\040\000p\000l\000a\000n\000o\000\040\000m\000a\000n\000u\000a\000l\000\040\000x\000\040\000c\000h\000a\000t\000b\000o\000t\000\040\000x\000\040\000S\000A\000T}{section.7}% 29
\BOOKMARK [2][-]{subsection.7.3}{\376\377\000V\000a\000l\000i\000d\000a\000\347\000\343\000o\000\040\000d\000a\000\040\000c\000o\000d\000i\000f\000i\000c\000a\000\347\000\343\000o}{section.7}% 30
\BOOKMARK [2][-]{subsection.7.4}{\376\377\000R\000e\000s\000u\000m\000o}{section.7}% 31
